#-----------------------------------------------------------
# Vivado v2024.1 (64-bit)
# SW Build 5076996 on Wed May 22 18:37:14 MDT 2024
# IP Build 5075265 on Wed May 22 21:45:21 MDT 2024
# SharedData Build 5076995 on Wed May 22 18:29:18 MDT 2024
# Start of session at: Tue Apr 15 22:48:02 2025
# Process ID: 9188
# Current directory: C:/Users/Legion/Desktop/Quartus/Risc-V/RISC-V/RISC-V.runs/synth_1
# Command line: vivado.exe -log Mux_2to1.vds -product Vivado -mode batch -messageDb vivado.pb -notrace -source Mux_2to1.tcl
# Log file: C:/Users/Legion/Desktop/Quartus/Risc-V/RISC-V/RISC-V.runs/synth_1/Mux_2to1.vds
# Journal file: C:/Users/Legion/Desktop/Quartus/Risc-V/RISC-V/RISC-V.runs/synth_1\vivado.jou
# Running On        :DESKTOP-SFGPEL6
# Platform          :Windows Server 2016 or Windows 10
# Operating System  :26100
# Processor Detail  :Intel(R) Core(TM) i7-9750H CPU @ 2.60GHz
# CPU Frequency     :2592 MHz
# CPU Physical cores:6
# CPU Logical cores :12
# Host memory       :17053 MB
# Swap memory       :2550 MB
# Total Virtual     :19603 MB
# Available Virtual :2266 MB
#-----------------------------------------------------------
source Mux_2to1.tcl -notrace
